15:39:35 **** Auto Build of configuration Debug for project EQ_27 ****
make pre-build main-build 
a9-linaro-pre-build-step
' '
'Building file: ../src/helloworld.c'
'Invoking: ARM v7 gcc compiler'
arm-none-eabi-gcc -Wall -O0 -g3 -c -fmessage-length=0 -MT"src/helloworld.o" -mcpu=cortex-a9 -mfpu=vfpv3 -mfloat-abi=hard -I../../EQ_27_bsp/ps7_cortexa9_0/include -MMD -MP -MF"src/helloworld.d" -MT"src/helloworld.o" -o "src/helloworld.o" "../src/helloworld.c"
'Finished building: ../src/helloworld.c'
' '
'Building target: EQ_27.elf'
'Invoking: ARM v7 gcc linker'
arm-none-eabi-gcc -mcpu=cortex-a9 -mfpu=vfpv3 -mfloat-abi=hard -Wl,-build-id=none -specs=Xilinx.spec -Wl,-T -Wl,../src/lscript.ld -L../../EQ_27_bsp/ps7_cortexa9_0/lib -o "EQ_27.elf"  ./src/audio.o ./src/helloworld.o ./src/platform.o   -lm -Wl,--start-group,-lxil,-lgcc,-lc,--end-group
'Finished building target: EQ_27.elf'
' '
'Invoking: ARM v7 Print Size'
arm-none-eabi-size EQ_27.elf  |tee "EQ_27.elf.size"
   text	   data	    bss	    dec	    hex	filename
  42684	   1188	  23224	  67096	  10618	EQ_27.elf
'Finished building: EQ_27.elf.size'
' '

15:39:36 Build Finished (took 823ms)

